
=== FULL RE-CERTIFICATION -- ~228 core-h [p23: q=23 margin=majority base=0 1 2 5 6 3] ===
### certify Paley(23) margin=majority by depth-6 cubing 2026-09-07 00:30:06
  base [0, 1, 2, 5, 6, 3], break arc (2, 6) + non-arc (1, 6)
  3,414,729 base states -> 343,896 live (10.1%), enumerated in 1722s
  1720 chunks of <= 200, 10 workers, check-and-discard
  200/343,896 cubes, 1 min, ETA 2537 min
  400/343,896 cubes, 7 min, ETA 5803 min
  600/343,896 cubes, 7 min, ETA 4213 min
  800/343,896 cubes, 9 min, ETA 3666 min
  1,000/343,896 cubes, 9 min, ETA 2931 min
  1,200/343,896 cubes, 9 min, ETA 2441 min
  1,400/343,896 cubes, 13 min, ETA 3255 min
  1,600/343,896 cubes, 13 min, ETA 2847 min
  1,800/343,896 cubes, 19 min, ETA 3577 min
  2,000/343,896 cubes, 26 min, ETA 4503 min
  2,200/343,896 cubes, 26 min, ETA 4091 min
  2,400/343,896 cubes, 26 min, ETA 3748 min
  2,600/343,896 cubes, 26 min, ETA 3457 min
  2,800/343,896 cubes, 26 min, ETA 3209 min
  3,000/343,896 cubes, 26 min, ETA 2993 min
  3,200/343,896 cubes, 26 min, ETA 2804 min
  3,400/343,896 cubes, 26 min, ETA 2638 min
  3,600/343,896 cubes, 29 min, ETA 2722 min
  3,800/343,896 cubes, 29 min, ETA 2578 min
  4,000/343,896 cubes, 29 min, ETA 2447 min
  4,200/343,896 cubes, 29 min, ETA 2329 min
  4,400/343,896 cubes, 30 min, ETA 2305 min
  4,600/343,896 cubes, 50 min, ETA 3693 min
  4,800/343,896 cubes, 50 min, ETA 3537 min
  5,000/343,896 cubes, 50 min, ETA 3394 min
  5,200/343,896 cubes, 50 min, ETA 3261 min
  5,400/343,896 cubes, 50 min, ETA 3139 min
  5,600/343,896 cubes, 50 min, ETA 3025 min
  5,800/343,896 cubes, 50 min, ETA 2919 min
  6,000/343,896 cubes, 50 min, ETA 2820 min
  6,200/343,896 cubes, 50 min, ETA 2727 min
  6,400/343,896 cubes, 50 min, ETA 2640 min
  6,600/343,896 cubes, 50 min, ETA 2559 min
  6,800/343,896 cubes, 50 min, ETA 2482 min
  7,000/343,896 cubes, 50 min, ETA 2410 min
  7,200/343,896 cubes, 50 min, ETA 2342 min
  7,400/343,896 cubes, 50 min, ETA 2277 min
  7,600/343,896 cubes, 50 min, ETA 2216 min
  7,800/343,896 cubes, 50 min, ETA 2158 min
  8,000/343,896 cubes, 50 min, ETA 2114 min
  8,200/343,896 cubes, 55 min, ETA 2240 min
  8,400/343,896 cubes, 66 min, ETA 2620 min
  8,600/343,896 cubes, 66 min, ETA 2558 min
  8,800/343,896 cubes, 66 min, ETA 2498 min
  9,000/343,896 cubes, 66 min, ETA 2441 min
  9,200/343,896 cubes, 66 min, ETA 2387 min
  9,400/343,896 cubes, 66 min, ETA 2335 min
  9,600/343,896 cubes, 66 min, ETA 2285 min
  9,800/343,896 cubes, 69 min, ETA 2350 min
  10,000/343,896 cubes, 69 min, ETA 2302 min
  10,200/343,896 cubes, 69 min, ETA 2255 min
  10,400/343,896 cubes, 69 min, ETA 2211 min
  10,600/343,896 cubes, 69 min, ETA 2168 min
  10,800/343,896 cubes, 69 min, ETA 2127 min
  11,000/343,896 cubes, 69 min, ETA 2087 min
  11,200/343,896 cubes, 69 min, ETA 2048 min
  11,400/343,896 cubes, 69 min, ETA 2011 min
  11,600/343,896 cubes, 82 min, ETA 2342 min
  11,800/343,896 cubes, 82 min, ETA 2301 min
  12,000/343,896 cubes, 82 min, ETA 2261 min
  12,200/343,896 cubes, 84 min, ETA 2271 min
  12,400/343,896 cubes, 86 min, ETA 2298 min
  12,600/343,896 cubes, 86 min, ETA 2261 min
  12,800/343,896 cubes, 90 min, ETA 2335 min
  13,000/343,896 cubes, 90 min, ETA 2297 min
  13,200/343,896 cubes, 91 min, ETA 2274 min
  13,400/343,896 cubes, 103 min, ETA 2531 min
  13,600/343,896 cubes, 103 min, ETA 2492 min
  13,800/343,896 cubes, 103 min, ETA 2454 min
  14,000/343,896 cubes, 103 min, ETA 2418 min
  14,200/343,896 cubes, 107 min, ETA 2475 min
  14,400/343,896 cubes, 107 min, ETA 2439 min
  14,600/343,896 cubes, 107 min, ETA 2404 min
  14,800/343,896 cubes, 107 min, ETA 2370 min
  15,000/343,896 cubes, 110 min, ETA 2407 min
  15,200/343,896 cubes, 110 min, ETA 2374 min
  15,400/343,896 cubes, 110 min, ETA 2341 min
  15,600/343,896 cubes, 110 min, ETA 2311 min
  15,800/343,896 cubes, 111 min, ETA 2297 min
  16,000/343,896 cubes, 121 min, ETA 2485 min
  16,200/343,896 cubes, 148 min, ETA 2985 min
  16,400/343,896 cubes, 148 min, ETA 2947 min
  16,600/343,896 cubes, 148 min, ETA 2910 min
  16,800/343,896 cubes, 148 min, ETA 2873 min
  17,000/343,896 cubes, 148 min, ETA 2838 min
  17,200/343,896 cubes, 148 min, ETA 2803 min
  17,400/343,896 cubes, 148 min, ETA 2769 min
  17,600/343,896 cubes, 148 min, ETA 2736 min
  17,800/343,896 cubes, 148 min, ETA 2704 min
  18,000/343,896 cubes, 148 min, ETA 2672 min
  18,200/343,896 cubes, 148 min, ETA 2641 min
  18,400/343,896 cubes, 148 min, ETA 2611 min
  18,600/343,896 cubes, 148 min, ETA 2581 min
  18,800/343,896 cubes, 148 min, ETA 2552 min
  19,000/343,896 cubes, 148 min, ETA 2524 min
  19,200/343,896 cubes, 150 min, ETA 2534 min
  19,400/343,896 cubes, 150 min, ETA 2507 min
  19,600/343,896 cubes, 150 min, ETA 2479 min
  19,800/343,896 cubes, 155 min, ETA 2533 min
  20,000/343,896 cubes, 155 min, ETA 2506 min
  20,200/343,896 cubes, 155 min, ETA 2480 min
  20,400/343,896 cubes, 155 min, ETA 2454 min
  20,600/343,896 cubes, 155 min, ETA 2434 min
  20,800/343,896 cubes, 159 min, ETA 2474 min
  21,000/343,896 cubes, 169 min, ETA 2603 min
  21,200/343,896 cubes, 178 min, ETA 2708 min
  21,400/343,896 cubes, 178 min, ETA 2681 min
  21,600/343,896 cubes, 178 min, ETA 2655 min
  21,800/343,896 cubes, 178 min, ETA 2629 min
  22,000/343,896 cubes, 178 min, ETA 2603 min
  22,200/343,896 cubes, 178 min, ETA 2578 min
  22,400/343,896 cubes, 178 min, ETA 2554 min
  22,600/343,896 cubes, 178 min, ETA 2529 min
  22,800/343,896 cubes, 178 min, ETA 2506 min
  23,000/343,896 cubes, 178 min, ETA 2482 min
  23,200/343,896 cubes, 178 min, ETA 2459 min
  23,400/343,896 cubes, 178 min, ETA 2437 min
  23,600/343,896 cubes, 179 min, ETA 2434 min
  23,800/343,896 cubes, 189 min, ETA 2538 min
  24,000/343,896 cubes, 189 min, ETA 2526 min
  24,200/343,896 cubes, 190 min, ETA 2507 min
  24,400/343,896 cubes, 195 min, ETA 2550 min
  24,600/343,896 cubes, 196 min, ETA 2542 min
  24,800/343,896 cubes, 196 min, ETA 2520 min
  25,000/343,896 cubes, 196 min, ETA 2498 min
  25,200/343,896 cubes, 196 min, ETA 2477 min
  25,400/343,896 cubes, 196 min, ETA 2456 min
  25,600/343,896 cubes, 203 min, ETA 2529 min
  25,800/343,896 cubes, 203 min, ETA 2508 min
  26,000/343,896 cubes, 203 min, ETA 2487 min
  26,200/343,896 cubes, 203 min, ETA 2466 min
  26,400/343,896 cubes, 209 min, ETA 2517 min
  26,600/343,896 cubes, 209 min, ETA 2496 min
  26,800/343,896 cubes, 209 min, ETA 2476 min
  27,000/343,896 cubes, 221 min, ETA 2593 min
  27,200/343,896 cubes, 221 min, ETA 2572 min
  27,400/343,896 cubes, 221 min, ETA 2553 min
  27,600/343,896 cubes, 221 min, ETA 2533 min
  27,800/343,896 cubes, 221 min, ETA 2513 min
  28,000/343,896 cubes, 221 min, ETA 2494 min
  28,200/343,896 cubes, 235 min, ETA 2628 min
  28,400/343,896 cubes, 235 min, ETA 2608 min
  28,600/343,896 cubes, 239 min, ETA 2635 min
  28,800/343,896 cubes, 240 min, ETA 2631 min
  29,000/343,896 cubes, 240 min, ETA 2611 min
  29,200/343,896 cubes, 240 min, ETA 2592 min
  29,400/343,896 cubes, 240 min, ETA 2573 min
  29,600/343,896 cubes, 240 min, ETA 2554 min
  29,800/343,896 cubes, 249 min, ETA 2630 min
  30,000/343,896 cubes, 249 min, ETA 2610 min
  30,200/343,896 cubes, 249 min, ETA 2591 min
  30,400/343,896 cubes, 249 min, ETA 2573 min
  30,600/343,896 cubes, 254 min, ETA 2606 min
  30,800/343,896 cubes, 255 min, ETA 2588 min
  31,000/343,896 cubes, 255 min, ETA 2569 min
  31,200/343,896 cubes, 270 min, ETA 2702 min
  31,400/343,896 cubes, 270 min, ETA 2683 min
  31,600/343,896 cubes, 270 min, ETA 2664 min
  31,800/343,896 cubes, 270 min, ETA 2646 min
  32,000/343,896 cubes, 270 min, ETA 2628 min
  32,200/343,896 cubes, 270 min, ETA 2610 min
  32,400/343,896 cubes, 270 min, ETA 2592 min
  32,600/343,896 cubes, 270 min, ETA 2574 min
  32,800/343,896 cubes, 286 min, ETA 2717 min
  33,000/343,896 cubes, 286 min, ETA 2698 min
  33,200/343,896 cubes, 286 min, ETA 2680 min
  33,400/343,896 cubes, 286 min, ETA 2663 min
  33,600/343,896 cubes, 286 min, ETA 2645 min
  33,800/343,896 cubes, 287 min, ETA 2632 min
  34,000/343,896 cubes, 290 min, ETA 2642 min
  34,200/343,896 cubes, 290 min, ETA 2625 min
  34,400/343,896 cubes, 290 min, ETA 2608 min
  34,600/343,896 cubes, 290 min, ETA 2591 min
  34,800/343,896 cubes, 290 min, ETA 2574 min
  35,000/343,896 cubes, 294 min, ETA 2595 min
  35,200/343,896 cubes, 302 min, ETA 2646 min
  35,400/343,896 cubes, 323 min, ETA 2816 min
  35,600/343,896 cubes, 323 min, ETA 2798 min
  35,800/343,896 cubes, 323 min, ETA 2781 min
  36,000/343,896 cubes, 323 min, ETA 2764 min
  36,200/343,896 cubes, 323 min, ETA 2747 min
  36,400/343,896 cubes, 323 min, ETA 2730 min
  36,600/343,896 cubes, 323 min, ETA 2713 min
  36,800/343,896 cubes, 323 min, ETA 2697 min
  37,000/343,896 cubes, 323 min, ETA 2680 min
  37,200/343,896 cubes, 327 min, ETA 2694 min
  37,400/343,896 cubes, 356 min, ETA 2921 min
  37,600/343,896 cubes, 356 min, ETA 2903 min
  37,800/343,896 cubes, 356 min, ETA 2886 min
  38,000/343,896 cubes, 356 min, ETA 2869 min
  38,200/343,896 cubes, 356 min, ETA 2852 min
  38,400/343,896 cubes, 356 min, ETA 2836 min
  38,600/343,896 cubes, 356 min, ETA 2819 min
  38,800/343,896 cubes, 356 min, ETA 2803 min
  39,000/343,896 cubes, 356 min, ETA 2786 min
  39,200/343,896 cubes, 372 min, ETA 2894 min
  39,400/343,896 cubes, 372 min, ETA 2877 min
  39,600/343,896 cubes, 372 min, ETA 2861 min
  39,800/343,896 cubes, 372 min, ETA 2845 min
  40,000/343,896 cubes, 372 min, ETA 2829 min
  40,200/343,896 cubes, 372 min, ETA 2813 min
  40,400/343,896 cubes, 372 min, ETA 2797 min
  40,600/343,896 cubes, 373 min, ETA 2789 min
  40,800/343,896 cubes, 373 min, ETA 2773 min
  41,000/343,896 cubes, 373 min, ETA 2758 min
  41,200/343,896 cubes, 373 min, ETA 2743 min
  41,400/343,896 cubes, 373 min, ETA 2728 min
  41,600/343,896 cubes, 373 min, ETA 2713 min
  41,800/343,896 cubes, 381 min, ETA 2751 min
  42,000/343,896 cubes, 381 min, ETA 2736 min
  42,200/343,896 cubes, 387 min, ETA 2764 min
  42,400/343,896 cubes, 387 min, ETA 2749 min
  42,600/343,896 cubes, 391 min, ETA 2765 min
  42,800/343,896 cubes, 398 min, ETA 2797 min
  43,000/343,896 cubes, 398 min, ETA 2782 min
  43,200/343,896 cubes, 398 min, ETA 2767 min
  43,400/343,896 cubes, 398 min, ETA 2753 min
  43,600/343,896 cubes, 398 min, ETA 2738 min
  43,800/343,896 cubes, 409 min, ETA 2800 min
  44,000/343,896 cubes, 415 min, ETA 2829 min
  44,200/343,896 cubes, 415 min, ETA 2814 min
  44,400/343,896 cubes, 421 min, ETA 2841 min
  44,600/343,896 cubes, 421 min, ETA 2827 min
  44,800/343,896 cubes, 421 min, ETA 2812 min
  45,000/343,896 cubes, 421 min, ETA 2798 min
  45,200/343,896 cubes, 421 min, ETA 2784 min
  45,400/343,896 cubes, 421 min, ETA 2769 min
  45,600/343,896 cubes, 421 min, ETA 2755 min
  45,800/343,896 cubes, 421 min, ETA 2742 min
  46,000/343,896 cubes, 421 min, ETA 2728 min
  46,200/343,896 cubes, 426 min, ETA 2745 min
  46,400/343,896 cubes, 436 min, ETA 2795 min
  46,600/343,896 cubes, 448 min, ETA 2856 min
  46,800/343,896 cubes, 448 min, ETA 2842 min
  47,000/343,896 cubes, 448 min, ETA 2828 min
  47,200/343,896 cubes, 448 min, ETA 2814 min
  47,400/343,896 cubes, 448 min, ETA 2801 min
  47,600/343,896 cubes, 448 min, ETA 2787 min
  47,800/343,896 cubes, 448 min, ETA 2773 min
  48,000/343,896 cubes, 449 min, ETA 2766 min
  48,200/343,896 cubes, 449 min, ETA 2752 min
  48,400/343,896 cubes, 449 min, ETA 2739 min
  48,600/343,896 cubes, 457 min, ETA 2776 min
  48,800/343,896 cubes, 457 min, ETA 2762 min
  49,000/343,896 cubes, 461 min, ETA 2775 min
  49,200/343,896 cubes, 469 min, ETA 2807 min
  49,400/343,896 cubes, 469 min, ETA 2794 min
  49,600/343,896 cubes, 469 min, ETA 2780 min
  49,800/343,896 cubes, 478 min, ETA 2825 min
  50,000/343,896 cubes, 478 min, ETA 2811 min
  50,200/343,896 cubes, 478 min, ETA 2798 min
  50,400/343,896 cubes, 478 min, ETA 2785 min
  50,600/343,896 cubes, 478 min, ETA 2772 min
  50,800/343,896 cubes, 481 min, ETA 2777 min
  51,000/343,896 cubes, 508 min, ETA 2918 min
  51,200/343,896 cubes, 508 min, ETA 2904 min
  51,400/343,896 cubes, 508 min, ETA 2891 min
  51,600/343,896 cubes, 508 min, ETA 2878 min
  51,800/343,896 cubes, 508 min, ETA 2865 min
  52,000/343,896 cubes, 508 min, ETA 2852 min
  52,200/343,896 cubes, 508 min, ETA 2839 min
  52,400/343,896 cubes, 508 min, ETA 2826 min
  52,600/343,896 cubes, 508 min, ETA 2813 min
  52,800/343,896 cubes, 508 min, ETA 2801 min
  53,000/343,896 cubes, 517 min, ETA 2838 min
  53,200/343,896 cubes, 517 min, ETA 2825 min
  53,400/343,896 cubes, 517 min, ETA 2812 min
  53,600/343,896 cubes, 532 min, ETA 2880 min
  53,800/343,896 cubes, 532 min, ETA 2868 min
  54,000/343,896 cubes, 532 min, ETA 2855 min
  54,200/343,896 cubes, 536 min, ETA 2865 min
  54,400/343,896 cubes, 536 min, ETA 2853 min
  54,600/343,896 cubes, 536 min, ETA 2840 min
  54,800/343,896 cubes, 536 min, ETA 2828 min
  55,000/343,896 cubes, 536 min, ETA 2816 min
  55,200/343,896 cubes, 542 min, ETA 2834 min
  55,400/343,896 cubes, 545 min, ETA 2836 min
  55,600/343,896 cubes, 545 min, ETA 2824 min
  55,800/343,896 cubes, 558 min, ETA 2883 min
  56,000/343,896 cubes, 558 min, ETA 2871 min
  56,200/343,896 cubes, 565 min, ETA 2891 min
  56,400/343,896 cubes, 566 min, ETA 2883 min
  56,600/343,896 cubes, 568 min, ETA 2881 min
  56,800/343,896 cubes, 574 min, ETA 2903 min
  57,000/343,896 cubes, 574 min, ETA 2891 min
  57,200/343,896 cubes, 574 min, ETA 2878 min
  57,400/343,896 cubes, 578 min, ETA 2882 min
  57,600/343,896 cubes, 578 min, ETA 2870 min
  57,800/343,896 cubes, 578 min, ETA 2859 min
  58,000/343,896 cubes, 598 min, ETA 2948 min
  58,200/343,896 cubes, 598 min, ETA 2936 min
  58,400/343,896 cubes, 598 min, ETA 2924 min
  58,600/343,896 cubes, 598 min, ETA 2912 min
[2026-09-07T11:18:29.139] error: *** JOB 1829003 ON r2i5n24 CANCELLED AT 2026-09-07T11:18:29 DUE to SIGNAL Terminated ***
